success
success
success
success
o//0 n//0 m//1
success